conflict markers: 0
duplicate entries: 0
ok operational-home-layout
ok session-start-recovery
ok telegram-captain-channel
ok bootstrap-diagnostics
ok diagnostic-reasoning
ok ask-user-authority
ok validation-supervision
ok ship-landing
ok scout-completion
ok quota-array-dispatch
ok harness-adapters
ok firstmate-orca
ok project-management
ok stuck-crewmate-recovery
ok secondmate-provisioning
ok captain-hold-lifecycle
ok away-quiet-supervision
ok process-event-sources
ok fmx-respond
ok firstmate-codexapp
ok firstmate-coding-guidelines
